******************************************************************************
                  MSP430 Linker PC v15.12.3                    
******************************************************************************
>> Linked Tue May 08 00:01:43 2018

OUTPUT FILE NAME:   <test_3.out>
ENTRY POINT SYMBOL: "_c_int00_noargs_noexit"  address: 0000d54e


MEMORY CONFIGURATION

         name            origin    length      used     unused   attr    fill
----------------------  --------  ---------  --------  --------  ----  --------
  SFR                   00000000   00000010  00000000  00000010  RWIX
  PERIPHERALS_8BIT      00000010   000000f0  00000000  000000f0  RWIX
  PERIPHERALS_16BIT     00000100   00000100  00000000  00000100  RWIX
  RAM                   00000200   00000200  00000123  000000dd  RWIX
  INFOD                 00001000   00000040  00000000  00000040  RWIX
  INFOC                 00001040   00000040  00000000  00000040  RWIX
  INFOB                 00001080   00000040  00000000  00000040  RWIX
  INFOA                 000010c0   00000040  00000000  00000040  RWIX
  FLASH                 0000c000   00003fde  00001742  0000289c  RWIX
  BSLSIGNATURE          0000ffde   00000002  00000002  00000000  RWIX  ffff 
  INT00                 0000ffe0   00000002  00000002  00000000  RWIX
  INT01                 0000ffe2   00000002  00000000  00000002  RWIX
  INT02                 0000ffe4   00000002  00000002  00000000  RWIX
  INT03                 0000ffe6   00000002  00000002  00000000  RWIX
  INT04                 0000ffe8   00000002  00000000  00000002  RWIX
  INT05                 0000ffea   00000002  00000002  00000000  RWIX
  INT06                 0000ffec   00000002  00000002  00000000  RWIX
  INT07                 0000ffee   00000002  00000002  00000000  RWIX
  INT08                 0000fff0   00000002  00000002  00000000  RWIX
  INT09                 0000fff2   00000002  00000002  00000000  RWIX
  INT10                 0000fff4   00000002  00000002  00000000  RWIX
  INT11                 0000fff6   00000002  00000002  00000000  RWIX
  INT12                 0000fff8   00000002  00000002  00000000  RWIX
  INT13                 0000fffa   00000002  00000002  00000000  RWIX
  INT14                 0000fffc   00000002  00000002  00000000  RWIX
  RESET                 0000fffe   00000002  00000002  00000000  RWIX


SECTION ALLOCATION MAP

 output                                  attributes/
section   page    origin      length       input sections
--------  ----  ----------  ----------   ----------------
.bss       0    00000200    000000c8     UNINITIALIZED
                  00000200    00000070     (.common:uart_rev)
                  00000270    0000003c     (.common:voltage_pid)
                  000002ac    00000014     (.common:voltage_buf)
                  000002c0    00000004     (.common:voltage_error)
                  000002c4    00000002     (.common:voltage_out)
                  000002c6    00000002     (.common:voltage_out_)

.data      0    000002c8    0000000b     UNINITIALIZED
                  000002c8    00000006     main.obj (.data)
                  000002ce    00000003     Buck_boost.obj (.data)
                  000002d1    00000002     ADC.obj (.data)

.stack     0    000003b0    00000050     UNINITIALIZED
                  000003b0    00000002     rts430_eabi.lib : boot.obj (.stack)
                  000003b2    0000004e     --HOLE--

.text      0    0000c000    000016fc     
                  0000c000    000002e8     rts430_eabi.lib : addd.obj (.text:__mspabi_addd)
                  0000c2e8    00000260                     : frcaddd.obj (.text:__TI_frcaddd)
                  0000c548    00000180     pid.obj (.text:PID_process)
                  0000c6c8    00000132     rts430_eabi.lib : fs_add.obj (.text)
                  0000c7fa    00000116                     : _printfi_min.obj (.text:_setfield)
                  0000c910    000000e6                     : _printfi_min.obj (.text:__TI_printfi_minimal)
                  0000c9f6    000000c8                     : _printfi_min.obj (.text:_pproc_diouxp)
                  0000cabe    000000c4                     : fs_mpy.obj (.text)
                  0000cb82    000000c0     main.obj (.text:main)
                  0000cc42    000000be     rts430_eabi.lib : renormd.obj (.text:__TI_renormd)
                  0000cd00    000000a0     Buck_boost.obj (.text:Timer0_A1_ISR)
                  0000cda0    0000009c     rts430_eabi.lib : fs_div.obj (.text)
                  0000ce3c    0000008c                     : cvtdf.obj (.text:__mspabi_cvtdf)
                  0000cec8    00000072                     : cvtfd.obj (.text:__mspabi_cvtfd)
                  0000cf3a    0000006e                     : autoinit.obj (.text:_auto_init)
                  0000cfa8    00000064                     : copy_decompress_rle.obj (.text:__TI_decompress_rle_core)
                  0000d00c    0000005c                     : lsr32.obj (.text:l_lsr_const)
                  0000d068    0000005a     ADC.obj (.text:ADC10_Init)
                  0000d0c2    0000005a     rts430_eabi.lib : cpy_tbl.obj (.text:copy_in)
                  0000d11c    0000004e     ADC.obj (.text:ADC10_Read_Channel)
                  0000d16a    0000004c     rts430_eabi.lib : lsr16.obj (.text)
                  0000d1b6    0000004a     Buck_boost.obj (.text:GPIO_init)
                  0000d200    0000004a     rts430_eabi.lib : fs_cmp.obj (.text)
                  0000d24a    00000046     main.obj (.text:BUTTON_Interrupt_Handle)
                  0000d290    00000046     rts430_eabi.lib : fs_tou.obj (.text)
                  0000d2d6    00000042     Basic_config.obj (.text:Config_Clocks)
                  0000d318    00000040     Buck_boost.obj (.text:Average_filter)
                  0000d358    0000003e     rts430_eabi.lib : asr32.obj (.text:l_asr_const)
                  0000d396    0000003e                     : lsl32.obj (.text:l_lsl_const)
                  0000d3d4    00000038                     : sprintf.obj (.text:sprintf)
                  0000d40c    00000030     UART.obj (.text:uart_init)
                  0000d43c    0000002e     rts430_eabi.lib : subd.obj (.text:__mspabi_subd)
                  0000d46a    0000002c     Buck_boost.obj (.text:PWM_start)
                  0000d496    0000002c     rts430_eabi.lib : asr16.obj (.text)
                  0000d4c2    0000002c                     : lsl16.obj (.text)
                  0000d4ee    00000024                     : fs_utof.obj (.text)
                  0000d512    0000001e     UART.obj (.text:USCI0RX_ISR)
                  0000d530    0000001e     UART.obj (.text:uart_gets)
                  0000d54e    0000001a     rts430_eabi.lib : boot_special.obj (.text:_c_int00_noargs_noexit)
                  0000d568    0000001a                     : sprintf.obj (.text:_outs)
                  0000d582    0000001a     Basic_config.obj (.text:delay_ms)
                  0000d59c    0000001a     rts430_eabi.lib : memccpy.obj (.text:memccpy)
                  0000d5b6    00000016                     : div16u.obj (.text)
                  0000d5cc    00000014                     : memset.obj (.text:memset)
                  0000d5e0    00000014                     : mult16.obj (.text)
                  0000d5f4    00000014     UART.obj (.text:uart_puts)
                  0000d608    00000012     Buck_boost.obj (.text:Timer_start)
                  0000d61a    00000012     rts430_eabi.lib : sprintf.obj (.text:_outc)
                  0000d62c    00000012                     : copy_decompress_none.obj (.text:decompress:none:__TI_decompress_none)
                  0000d63e    00000012                     : lsr32.obj (.text:l_lsr)
                  0000d650    00000012                     : memcpy.obj (.text:memcpy)
                  0000d662    00000010     Buck_boost.obj (.text:PWM_update)
                  0000d672    00000010     rts430_eabi.lib : asr32.obj (.text:l_asr)
                  0000d682    00000010                     : lsl32.obj (.text:l_lsl)
                  0000d692    00000010                     : epilog.obj (.text)
                  0000d6a2    0000000e                     : strlen.obj (.text:strlen)
                  0000d6b0    0000000c     UART.obj (.text:uart_getc)
                  0000d6bc    0000000c     UART.obj (.text:uart_putc)
                  0000d6c8    0000000a     rts430_eabi.lib : fs_neg.obj (.text)
                  0000d6d2    00000008     ADC.obj (.text:ADC10_ISR)
                  0000d6da    00000008     Basic_config.obj (.text:Config_stop_WDT)
                  0000d6e2    00000008     rts430_eabi.lib : isr_trap.obj (.text:_isr:__TI_ISR_TRAP)
                  0000d6ea    00000006                     : exit.obj (.text:abort)
                  0000d6f0    00000006                     : copy_decompress_rle.obj (.text:decompress:rle24:__TI_decompress_rle24)
                  0000d6f6    00000004                     : pre_init.obj (.text:_system_pre_init)
                  0000d6fa    00000002                     : startup.obj (.text:_system_post_cinit)

.binit     0    0000c000    00000000     

.const     0    0000d6fc    00000026     
                  0000d6fc    00000014     rts430_eabi.lib : _printfi_min.obj (.const:.string)
                  0000d710    00000012     main.obj (.const:.string)

.cinit     0    0000d722    00000020     
                  0000d722    0000000a     (.cinit..data.load) [load image, compression = rle]
                  0000d72c    00000009     (.cinit..bss.load) [load image, compression = rle]
                  0000d735    00000001     --HOLE-- [fill = 0]
                  0000d736    00000004     (__TI_handler_table)
                  0000d73a    00000008     (__TI_cinit_table)

.init_array 
*          0    0000c000    00000000     UNINITIALIZED

TRAPINT    0    0000ffe0    00000002     
                  0000ffe0    00000002     rts430_eabi.lib : int00.obj (.int00)

PORT1      0    0000ffe4    00000002     
                  0000ffe4    00000002     main.obj (.int02)

PORT2      0    0000ffe6    00000002     
                  0000ffe6    00000002     rts430_eabi.lib : int03.obj (.int03)

$fill000   0    0000ffde    00000002     
                  0000ffde    00000002     --HOLE-- [fill = ffff]

ADC10      0    0000ffea    00000002     
                  0000ffea    00000002     ADC.obj (.int05)

USCIAB0TX 
*          0    0000ffec    00000002     
                  0000ffec    00000002     rts430_eabi.lib : int06.obj (.int06)

USCIAB0RX 
*          0    0000ffee    00000002     
                  0000ffee    00000002     UART.obj (.int07)

TIMER0_A1 
*          0    0000fff0    00000002     
                  0000fff0    00000002     Buck_boost.obj (.int08)

TIMER0_A0 
*          0    0000fff2    00000002     
                  0000fff2    00000002     rts430_eabi.lib : int09.obj (.int09)

WDT        0    0000fff4    00000002     
                  0000fff4    00000002     rts430_eabi.lib : int10.obj (.int10)

COMPARATORA 
*          0    0000fff6    00000002     
                  0000fff6    00000002     rts430_eabi.lib : int11.obj (.int11)

TIMER1_A1 
*          0    0000fff8    00000002     
                  0000fff8    00000002     rts430_eabi.lib : int12.obj (.int12)

TIMER1_A0 
*          0    0000fffa    00000002     
                  0000fffa    00000002     rts430_eabi.lib : int13.obj (.int13)

NMI        0    0000fffc    00000002     
                  0000fffc    00000002     rts430_eabi.lib : int14.obj (.int14)

.reset     0    0000fffe    00000002     
                  0000fffe    00000002     rts430_eabi.lib : boot.obj (.reset)

MODULE SUMMARY

       Module                     code   ro data   rw data
       ------                     ----   -------   -------
    .\
       main.obj                   262    20        200    
    +--+--------------------------+------+---------+---------+
       Total:                     262    20        200    
                                                          
    .\lib\
       Buck_boost.obj             376    2         9      
       pid.obj                    384    0         0      
       ADC.obj                    176    2         2      
       UART.obj                   152    2         0      
       Basic_config.obj           100    0         0      
    +--+--------------------------+------+---------+---------+
       Total:                     1188   6         11     
                                                          
    C:\ti\ccsv6\tools\compiler\msp430_15.12.3.LTS\lib\rts430_eabi.lib
       addd.obj                   744    0         0      
       _printfi_min.obj           708    20        0      
       frcaddd.obj                608    0         0      
       fs_add.obj                 306    0         0      
       fs_mpy.obj                 196    0         0      
       renormd.obj                190    0         0      
       fs_div.obj                 156    0         0      
       cvtdf.obj                  140    0         0      
       cvtfd.obj                  114    0         0      
       autoinit.obj               110    0         0      
       lsr32.obj                  110    0         0      
       copy_decompress_rle.obj    106    0         0      
       sprintf.obj                100    0         0      
       cpy_tbl.obj                90     0         0      
       asr32.obj                  78     0         0      
       lsl32.obj                  78     0         0      
       lsr16.obj                  76     0         0      
       fs_cmp.obj                 74     0         0      
       fs_tou.obj                 70     0         0      
       subd.obj                   46     0         0      
       asr16.obj                  44     0         0      
       lsl16.obj                  44     0         0      
       fs_utof.obj                36     0         0      
       boot_special.obj           26     0         0      
       memccpy.obj                26     0         0      
       div16u.obj                 22     0         0      
       memset.obj                 20     0         0      
       mult16.obj                 20     0         0      
       copy_decompress_none.obj   18     0         0      
       memcpy.obj                 18     0         0      
       epilog.obj                 16     0         0      
       strlen.obj                 14     0         0      
       fs_neg.obj                 10     0         0      
       isr_trap.obj               8      0         0      
       exit.obj                   6      0         0      
       pre_init.obj               4      0         0      
       boot.obj                   0      2         0      
       int00.obj                  0      2         0      
       int03.obj                  0      2         0      
       int06.obj                  0      2         0      
       int09.obj                  0      2         0      
       int10.obj                  0      2         0      
       int11.obj                  0      2         0      
       int12.obj                  0      2         0      
       int13.obj                  0      2         0      
       int14.obj                  0      2         0      
       startup.obj                2      0         0      
    +--+--------------------------+------+---------+---------+
       Total:                     4434   40        0      
                                                          
       Stack:                     0      0         80     
       Linker Generated:          0      31        0      
    +--+--------------------------+------+---------+---------+
       Grand Total:               5884   97        291    


LINKER GENERATED COPY TABLES

__TI_cinit_table @ 0000d73a records: 2, size/record: 4, table size: 8
	.data: load addr=0000d722, load size=0000000a bytes, run addr=000002c8, run size=0000000b bytes, compression=rle
	.bss: load addr=0000d72c, load size=00000009 bytes, run addr=00000200, run size=000000c8 bytes, compression=rle


LINKER GENERATED HANDLER TABLE

__TI_handler_table @ 0000d736 records: 2, size/record: 2, table size: 4
	index: 0, handler: __TI_decompress_rle24
	index: 1, handler: __TI_decompress_none


GLOBAL SYMBOLS: SORTED ALPHABETICALLY BY Name 

address   name                    
-------   ----                    
0000004a  ADC10AE0                
000001b0  ADC10CTL0               
000001b2  ADC10CTL1               
00000048  ADC10DTC0               
00000049  ADC10DTC1               
000001b4  ADC10MEM                
000001bc  ADC10SA                 
0000d6d2  ADC10_ISR               
0000d068  ADC10_Init              
0000d11c  ADC10_Read_Channel      
0000d318  Average_filter          
00000057  BCSCTL1                 
00000058  BCSCTL2                 
00000053  BCSCTL3                 
0000d24a  BUTTON_Interrupt_Handle 
0000d6ea  C$$EXIT                 
00000059  CACTL1                  
0000005a  CACTL2                  
000010fb  CALBC1_12MHZ            
000010f9  CALBC1_16MHZ            
000010ff  CALBC1_1MHZ             
000010fd  CALBC1_8MHZ             
000010fa  CALDCO_12MHZ            
000010f8  CALDCO_16MHZ            
000010fe  CALDCO_1MHZ             
000010fc  CALDCO_8MHZ             
0000005b  CAPD                    
0000d2d6  Config_Clocks           
0000d6da  Config_stop_WDT         
00000056  DCOCTL                  
00000128  FCTL1                   
0000012a  FCTL2                   
0000012c  FCTL3                   
0000d1b6  GPIO_init               
00000000  IE1                     
00000001  IE2                     
00000002  IFG1                    
00000003  IFG2                    
00000022  P1DIR                   
00000025  P1IE                    
00000024  P1IES                   
00000023  P1IFG                   
00000020  P1IN                    
00000021  P1OUT                   
00000027  P1REN                   
00000026  P1SEL                   
00000041  P1SEL2                  
0000002a  P2DIR                   
0000002d  P2IE                    
0000002c  P2IES                   
0000002b  P2IFG                   
00000028  P2IN                    
00000029  P2OUT                   
0000002f  P2REN                   
0000002e  P2SEL                   
00000042  P2SEL2                  
0000001a  P3DIR                   
00000018  P3IN                    
00000019  P3OUT                   
00000010  P3REN                   
0000001b  P3SEL                   
00000043  P3SEL2                  
0000c548  PID_process             
000002d2  PORT_ADC                
0000d46a  PWM_start               
0000d662  PWM_update              
000002d1  Reading_channel         
00000172  TA0CCR0                 
00000174  TA0CCR1                 
00000176  TA0CCR2                 
00000162  TA0CCTL0                
00000164  TA0CCTL1                
00000166  TA0CCTL2                
00000160  TA0CTL                  
0000012e  TA0IV                   
00000170  TA0R                    
00000192  TA1CCR0                 
00000194  TA1CCR1                 
00000196  TA1CCR2                 
00000182  TA1CCTL0                
00000184  TA1CCTL1                
00000186  TA1CCTL2                
00000180  TA1CTL                  
0000011e  TA1IV                   
00000190  TA1R                    
000010db  TLV_ADC10_1_LEN         
000010da  TLV_ADC10_1_TAG         
000010c0  TLV_CHECKSUM            
000010f7  TLV_DCO_30_LEN          
000010f6  TLV_DCO_30_TAG          
0000cd00  Timer0_A1_ISR           
0000d608  Timer_start             
0000005d  UCA0ABCTL               
00000062  UCA0BR0                 
00000063  UCA0BR1                 
00000060  UCA0CTL0                
00000061  UCA0CTL1                
0000005f  UCA0IRRCTL              
0000005e  UCA0IRTCTL              
00000064  UCA0MCTL                
00000066  UCA0RXBUF               
00000065  UCA0STAT                
00000067  UCA0TXBUF               
0000006a  UCB0BR0                 
0000006b  UCB0BR1                 
00000068  UCB0CTL0                
00000069  UCB0CTL1                
0000006c  UCB0I2CIE               
00000118  UCB0I2COA               
0000011a  UCB0I2CSA               
0000006e  UCB0RXBUF               
0000006d  UCB0STAT                
0000006f  UCB0TXBUF               
0000d512  USCI0RX_ISR             
00000120  WDTCTL                  
00000400  __STACK_END             
00000050  __STACK_SIZE            
UNDEFED   __TI_BINIT_Base         
UNDEFED   __TI_BINIT_Limit        
0000d73a  __TI_CINIT_Base         
0000d742  __TI_CINIT_Limit        
0000d736  __TI_Handler_Table_Base 
0000d73a  __TI_Handler_Table_Limit
UNDEFED   __TI_INITARRAY_Base     
UNDEFED   __TI_INITARRAY_Limit    
0000d6e2  __TI_ISR_TRAP           
0000d62c  __TI_decompress_none    
0000d6f0  __TI_decompress_rle24   
0000c2e8  __TI_frcaddd            
0000ffe0  __TI_int00              
0000ffe4  __TI_int02              
0000ffe6  __TI_int03              
0000ffea  __TI_int05              
0000ffec  __TI_int06              
0000ffee  __TI_int07              
0000fff0  __TI_int08              
0000fff2  __TI_int09              
0000fff4  __TI_int10              
0000fff6  __TI_int11              
0000fff8  __TI_int12              
0000fffa  __TI_int13              
0000fffc  __TI_int14              
ffffffff  __TI_pprof_out_hndl     
0000c910  __TI_printfi_minimal    
ffffffff  __TI_prof_data_size     
ffffffff  __TI_prof_data_start    
0000cc42  __TI_renormd            
ffffffff  __c_args__              
0000c000  __mspabi_addd           
0000c6ce  __mspabi_addf           
0000d200  __mspabi_cmpf           
0000ce3c  __mspabi_cvtdf          
0000cec8  __mspabi_cvtfd          
0000cda0  __mspabi_divf           
0000d5b6  __mspabi_divu           
0000d290  __mspabi_fixfu          
0000d4ee  __mspabi_fltuf          
0000d69e  __mspabi_func_epilog_1  
0000d69c  __mspabi_func_epilog_2  
0000d69a  __mspabi_func_epilog_3  
0000d698  __mspabi_func_epilog_4  
0000d696  __mspabi_func_epilog_5  
0000d694  __mspabi_func_epilog_6  
0000d692  __mspabi_func_epilog_7  
0000cabe  __mspabi_mpyf           
0000d5e0  __mspabi_mpyi           
0000d5e0  __mspabi_mpyi_sw        
0000d6c8  __mspabi_negf           
0000d5b6  __mspabi_remu           
0000d4c2  __mspabi_slli           
0000d4ea  __mspabi_slli_1         
0000d4d8  __mspabi_slli_10        
0000d4d6  __mspabi_slli_11        
0000d4d4  __mspabi_slli_12        
0000d4d2  __mspabi_slli_13        
0000d4d0  __mspabi_slli_14        
0000d4ce  __mspabi_slli_15        
0000d4e8  __mspabi_slli_2         
0000d4e6  __mspabi_slli_3         
0000d4e4  __mspabi_slli_4         
0000d4e2  __mspabi_slli_5         
0000d4e0  __mspabi_slli_6         
0000d4de  __mspabi_slli_7         
0000d4dc  __mspabi_slli_8         
0000d4da  __mspabi_slli_9         
0000d682  __mspabi_slll           
0000d3ce  __mspabi_slll_1         
0000d3aa  __mspabi_slll_10        
0000d3a6  __mspabi_slll_11        
0000d3a2  __mspabi_slll_12        
0000d39e  __mspabi_slll_13        
0000d39a  __mspabi_slll_14        
0000d396  __mspabi_slll_15        
0000d3ca  __mspabi_slll_2         
0000d3c6  __mspabi_slll_3         
0000d3c2  __mspabi_slll_4         
0000d3be  __mspabi_slll_5         
0000d3ba  __mspabi_slll_6         
0000d3b6  __mspabi_slll_7         
0000d3b2  __mspabi_slll_8         
0000d3ae  __mspabi_slll_9         
0000d496  __mspabi_srai           
0000d4be  __mspabi_srai_1         
0000d4ac  __mspabi_srai_10        
0000d4aa  __mspabi_srai_11        
0000d4a8  __mspabi_srai_12        
0000d4a6  __mspabi_srai_13        
0000d4a4  __mspabi_srai_14        
0000d4a2  __mspabi_srai_15        
0000d4bc  __mspabi_srai_2         
0000d4ba  __mspabi_srai_3         
0000d4b8  __mspabi_srai_4         
0000d4b6  __mspabi_srai_5         
0000d4b4  __mspabi_srai_6         
0000d4b2  __mspabi_srai_7         
0000d4b0  __mspabi_srai_8         
0000d4ae  __mspabi_srai_9         
0000d672  __mspabi_sral           
0000d390  __mspabi_sral_1         
0000d36c  __mspabi_sral_10        
0000d368  __mspabi_sral_11        
0000d364  __mspabi_sral_12        
0000d360  __mspabi_sral_13        
0000d35c  __mspabi_sral_14        
0000d358  __mspabi_sral_15        
0000d38c  __mspabi_sral_2         
0000d388  __mspabi_sral_3         
0000d384  __mspabi_sral_4         
0000d380  __mspabi_sral_5         
0000d37c  __mspabi_sral_6         
0000d378  __mspabi_sral_7         
0000d374  __mspabi_sral_8         
0000d370  __mspabi_sral_9         
0000d16a  __mspabi_srli           
0000d1b0  __mspabi_srli_1         
0000d18c  __mspabi_srli_10        
0000d188  __mspabi_srli_11        
0000d184  __mspabi_srli_12        
0000d180  __mspabi_srli_13        
0000d17c  __mspabi_srli_14        
0000d178  __mspabi_srli_15        
0000d1ac  __mspabi_srli_2         
0000d1a8  __mspabi_srli_3         
0000d1a4  __mspabi_srli_4         
0000d1a0  __mspabi_srli_5         
0000d19c  __mspabi_srli_6         
0000d198  __mspabi_srli_7         
0000d194  __mspabi_srli_8         
0000d190  __mspabi_srli_9         
0000d63e  __mspabi_srll           
0000d060  __mspabi_srll_1         
0000d02a  __mspabi_srll_10        
0000d024  __mspabi_srll_11        
0000d01e  __mspabi_srll_12        
0000d018  __mspabi_srll_13        
0000d012  __mspabi_srll_14        
0000d00c  __mspabi_srll_15        
0000d05a  __mspabi_srll_2         
0000d054  __mspabi_srll_3         
0000d04e  __mspabi_srll_4         
0000d048  __mspabi_srll_5         
0000d042  __mspabi_srll_6         
0000d03c  __mspabi_srll_7         
0000d036  __mspabi_srll_8         
0000d030  __mspabi_srll_9         
0000d43c  __mspabi_subd           
0000c6c8  __mspabi_subf           
0000cf3a  _auto_init              
0000d54e  _c_int00_noargs_noexit  
0000fffe  _reset_vector           
000003b0  _stack                  
0000d6fa  _system_post_cinit      
0000d6f6  _system_pre_init        
0000d6ea  abort                   
0000d0c2  copy_in                 
000002d0  counter                 
0000d582  delay_ms                
000002c8  duty                    
000002ce  i                       
0000cb82  main                    
0000d59c  memccpy                 
0000d650  memcpy                  
0000d5cc  memset                  
0000d3d4  sprintf                 
0000d6a2  strlen                  
000002ca  time                    
0000d6b0  uart_getc               
0000d530  uart_gets               
0000d40c  uart_init               
0000d6bc  uart_putc               
0000d5f4  uart_puts               
00000200  uart_rev                
000002ac  voltage_buf             
000002c0  voltage_error           
000002c4  voltage_out             
000002c6  voltage_out_            
00000270  voltage_pid             


GLOBAL SYMBOLS: SORTED BY Symbol Address 

address   name                    
-------   ----                    
00000000  IE1                     
00000001  IE2                     
00000002  IFG1                    
00000003  IFG2                    
00000010  P3REN                   
00000018  P3IN                    
00000019  P3OUT                   
0000001a  P3DIR                   
0000001b  P3SEL                   
00000020  P1IN                    
00000021  P1OUT                   
00000022  P1DIR                   
00000023  P1IFG                   
00000024  P1IES                   
00000025  P1IE                    
00000026  P1SEL                   
00000027  P1REN                   
00000028  P2IN                    
00000029  P2OUT                   
0000002a  P2DIR                   
0000002b  P2IFG                   
0000002c  P2IES                   
0000002d  P2IE                    
0000002e  P2SEL                   
0000002f  P2REN                   
00000041  P1SEL2                  
00000042  P2SEL2                  
00000043  P3SEL2                  
00000048  ADC10DTC0               
00000049  ADC10DTC1               
0000004a  ADC10AE0                
00000050  __STACK_SIZE            
00000053  BCSCTL3                 
00000056  DCOCTL                  
00000057  BCSCTL1                 
00000058  BCSCTL2                 
00000059  CACTL1                  
0000005a  CACTL2                  
0000005b  CAPD                    
0000005d  UCA0ABCTL               
0000005e  UCA0IRTCTL              
0000005f  UCA0IRRCTL              
00000060  UCA0CTL0                
00000061  UCA0CTL1                
00000062  UCA0BR0                 
00000063  UCA0BR1                 
00000064  UCA0MCTL                
00000065  UCA0STAT                
00000066  UCA0RXBUF               
00000067  UCA0TXBUF               
00000068  UCB0CTL0                
00000069  UCB0CTL1                
0000006a  UCB0BR0                 
0000006b  UCB0BR1                 
0000006c  UCB0I2CIE               
0000006d  UCB0STAT                
0000006e  UCB0RXBUF               
0000006f  UCB0TXBUF               
00000118  UCB0I2COA               
0000011a  UCB0I2CSA               
0000011e  TA1IV                   
00000120  WDTCTL                  
00000128  FCTL1                   
0000012a  FCTL2                   
0000012c  FCTL3                   
0000012e  TA0IV                   
00000160  TA0CTL                  
00000162  TA0CCTL0                
00000164  TA0CCTL1                
00000166  TA0CCTL2                
00000170  TA0R                    
00000172  TA0CCR0                 
00000174  TA0CCR1                 
00000176  TA0CCR2                 
00000180  TA1CTL                  
00000182  TA1CCTL0                
00000184  TA1CCTL1                
00000186  TA1CCTL2                
00000190  TA1R                    
00000192  TA1CCR0                 
00000194  TA1CCR1                 
00000196  TA1CCR2                 
000001b0  ADC10CTL0               
000001b2  ADC10CTL1               
000001b4  ADC10MEM                
000001bc  ADC10SA                 
00000200  uart_rev                
00000270  voltage_pid             
000002ac  voltage_buf             
000002c0  voltage_error           
000002c4  voltage_out             
000002c6  voltage_out_            
000002c8  duty                    
000002ca  time                    
000002ce  i                       
000002d0  counter                 
000002d1  Reading_channel         
000002d2  PORT_ADC                
000003b0  _stack                  
00000400  __STACK_END             
000010c0  TLV_CHECKSUM            
000010da  TLV_ADC10_1_TAG         
000010db  TLV_ADC10_1_LEN         
000010f6  TLV_DCO_30_TAG          
000010f7  TLV_DCO_30_LEN          
000010f8  CALDCO_16MHZ            
000010f9  CALBC1_16MHZ            
000010fa  CALDCO_12MHZ            
000010fb  CALBC1_12MHZ            
000010fc  CALDCO_8MHZ             
000010fd  CALBC1_8MHZ             
000010fe  CALDCO_1MHZ             
000010ff  CALBC1_1MHZ             
0000c000  __mspabi_addd           
0000c2e8  __TI_frcaddd            
0000c548  PID_process             
0000c6c8  __mspabi_subf           
0000c6ce  __mspabi_addf           
0000c910  __TI_printfi_minimal    
0000cabe  __mspabi_mpyf           
0000cb82  main                    
0000cc42  __TI_renormd            
0000cd00  Timer0_A1_ISR           
0000cda0  __mspabi_divf           
0000ce3c  __mspabi_cvtdf          
0000cec8  __mspabi_cvtfd          
0000cf3a  _auto_init              
0000d00c  __mspabi_srll_15        
0000d012  __mspabi_srll_14        
0000d018  __mspabi_srll_13        
0000d01e  __mspabi_srll_12        
0000d024  __mspabi_srll_11        
0000d02a  __mspabi_srll_10        
0000d030  __mspabi_srll_9         
0000d036  __mspabi_srll_8         
0000d03c  __mspabi_srll_7         
0000d042  __mspabi_srll_6         
0000d048  __mspabi_srll_5         
0000d04e  __mspabi_srll_4         
0000d054  __mspabi_srll_3         
0000d05a  __mspabi_srll_2         
0000d060  __mspabi_srll_1         
0000d068  ADC10_Init              
0000d0c2  copy_in                 
0000d11c  ADC10_Read_Channel      
0000d16a  __mspabi_srli           
0000d178  __mspabi_srli_15        
0000d17c  __mspabi_srli_14        
0000d180  __mspabi_srli_13        
0000d184  __mspabi_srli_12        
0000d188  __mspabi_srli_11        
0000d18c  __mspabi_srli_10        
0000d190  __mspabi_srli_9         
0000d194  __mspabi_srli_8         
0000d198  __mspabi_srli_7         
0000d19c  __mspabi_srli_6         
0000d1a0  __mspabi_srli_5         
0000d1a4  __mspabi_srli_4         
0000d1a8  __mspabi_srli_3         
0000d1ac  __mspabi_srli_2         
0000d1b0  __mspabi_srli_1         
0000d1b6  GPIO_init               
0000d200  __mspabi_cmpf           
0000d24a  BUTTON_Interrupt_Handle 
0000d290  __mspabi_fixfu          
0000d2d6  Config_Clocks           
0000d318  Average_filter          
0000d358  __mspabi_sral_15        
0000d35c  __mspabi_sral_14        
0000d360  __mspabi_sral_13        
0000d364  __mspabi_sral_12        
0000d368  __mspabi_sral_11        
0000d36c  __mspabi_sral_10        
0000d370  __mspabi_sral_9         
0000d374  __mspabi_sral_8         
0000d378  __mspabi_sral_7         
0000d37c  __mspabi_sral_6         
0000d380  __mspabi_sral_5         
0000d384  __mspabi_sral_4         
0000d388  __mspabi_sral_3         
0000d38c  __mspabi_sral_2         
0000d390  __mspabi_sral_1         
0000d396  __mspabi_slll_15        
0000d39a  __mspabi_slll_14        
0000d39e  __mspabi_slll_13        
0000d3a2  __mspabi_slll_12        
0000d3a6  __mspabi_slll_11        
0000d3aa  __mspabi_slll_10        
0000d3ae  __mspabi_slll_9         
0000d3b2  __mspabi_slll_8         
0000d3b6  __mspabi_slll_7         
0000d3ba  __mspabi_slll_6         
0000d3be  __mspabi_slll_5         
0000d3c2  __mspabi_slll_4         
0000d3c6  __mspabi_slll_3         
0000d3ca  __mspabi_slll_2         
0000d3ce  __mspabi_slll_1         
0000d3d4  sprintf                 
0000d40c  uart_init               
0000d43c  __mspabi_subd           
0000d46a  PWM_start               
0000d496  __mspabi_srai           
0000d4a2  __mspabi_srai_15        
0000d4a4  __mspabi_srai_14        
0000d4a6  __mspabi_srai_13        
0000d4a8  __mspabi_srai_12        
0000d4aa  __mspabi_srai_11        
0000d4ac  __mspabi_srai_10        
0000d4ae  __mspabi_srai_9         
0000d4b0  __mspabi_srai_8         
0000d4b2  __mspabi_srai_7         
0000d4b4  __mspabi_srai_6         
0000d4b6  __mspabi_srai_5         
0000d4b8  __mspabi_srai_4         
0000d4ba  __mspabi_srai_3         
0000d4bc  __mspabi_srai_2         
0000d4be  __mspabi_srai_1         
0000d4c2  __mspabi_slli           
0000d4ce  __mspabi_slli_15        
0000d4d0  __mspabi_slli_14        
0000d4d2  __mspabi_slli_13        
0000d4d4  __mspabi_slli_12        
0000d4d6  __mspabi_slli_11        
0000d4d8  __mspabi_slli_10        
0000d4da  __mspabi_slli_9         
0000d4dc  __mspabi_slli_8         
0000d4de  __mspabi_slli_7         
0000d4e0  __mspabi_slli_6         
0000d4e2  __mspabi_slli_5         
0000d4e4  __mspabi_slli_4         
0000d4e6  __mspabi_slli_3         
0000d4e8  __mspabi_slli_2         
0000d4ea  __mspabi_slli_1         
0000d4ee  __mspabi_fltuf          
0000d512  USCI0RX_ISR             
0000d530  uart_gets               
0000d54e  _c_int00_noargs_noexit  
0000d582  delay_ms                
0000d59c  memccpy                 
0000d5b6  __mspabi_divu           
0000d5b6  __mspabi_remu           
0000d5cc  memset                  
0000d5e0  __mspabi_mpyi           
0000d5e0  __mspabi_mpyi_sw        
0000d5f4  uart_puts               
0000d608  Timer_start             
0000d62c  __TI_decompress_none    
0000d63e  __mspabi_srll           
0000d650  memcpy                  
0000d662  PWM_update              
0000d672  __mspabi_sral           
0000d682  __mspabi_slll           
0000d692  __mspabi_func_epilog_7  
0000d694  __mspabi_func_epilog_6  
0000d696  __mspabi_func_epilog_5  
0000d698  __mspabi_func_epilog_4  
0000d69a  __mspabi_func_epilog_3  
0000d69c  __mspabi_func_epilog_2  
0000d69e  __mspabi_func_epilog_1  
0000d6a2  strlen                  
0000d6b0  uart_getc               
0000d6bc  uart_putc               
0000d6c8  __mspabi_negf           
0000d6d2  ADC10_ISR               
0000d6da  Config_stop_WDT         
0000d6e2  __TI_ISR_TRAP           
0000d6ea  C$$EXIT                 
0000d6ea  abort                   
0000d6f0  __TI_decompress_rle24   
0000d6f6  _system_pre_init        
0000d6fa  _system_post_cinit      
0000d736  __TI_Handler_Table_Base 
0000d73a  __TI_CINIT_Base         
0000d73a  __TI_Handler_Table_Limit
0000d742  __TI_CINIT_Limit        
0000ffe0  __TI_int00              
0000ffe4  __TI_int02              
0000ffe6  __TI_int03              
0000ffea  __TI_int05              
0000ffec  __TI_int06              
0000ffee  __TI_int07              
0000fff0  __TI_int08              
0000fff2  __TI_int09              
0000fff4  __TI_int10              
0000fff6  __TI_int11              
0000fff8  __TI_int12              
0000fffa  __TI_int13              
0000fffc  __TI_int14              
0000fffe  _reset_vector           
ffffffff  __TI_pprof_out_hndl     
ffffffff  __TI_prof_data_size     
ffffffff  __TI_prof_data_start    
ffffffff  __c_args__              
UNDEFED   __TI_BINIT_Base         
UNDEFED   __TI_BINIT_Limit        
UNDEFED   __TI_INITARRAY_Base     
UNDEFED   __TI_INITARRAY_Limit    

[297 symbols]
